Archive member included to satisfy reference by file (symbol)

d:/clion/gcc/lujing/10 2021.10/bin/../lib/gcc/arm-none-eabi/10.3.1/../../../../arm-none-eabi/lib/thumb/v7e-m+fp/hard\libc_nano.a(lib_a-errno.o)
                              build/sysmem.o (__errno)
d:/clion/gcc/lujing/10 2021.10/bin/../lib/gcc/arm-none-eabi/10.3.1/../../../../arm-none-eabi/lib/thumb/v7e-m+fp/hard\libc_nano.a(lib_a-exit.o)
                              d:/clion/gcc/lujing/10 2021.10/bin/../lib/gcc/arm-none-eabi/10.3.1/../../../../arm-none-eabi/lib/thumb/v7e-m+fp/hard/crt0.o (exit)
d:/clion/gcc/lujing/10 2021.10/bin/../lib/gcc/arm-none-eabi/10.3.1/../../../../arm-none-eabi/lib/thumb/v7e-m+fp/hard\libc_nano.a(lib_a-impure.o)
                              d:/clion/gcc/lujing/10 2021.10/bin/../lib/gcc/arm-none-eabi/10.3.1/../../../../arm-none-eabi/lib/thumb/v7e-m+fp/hard\libc_nano.a(lib_a-exit.o) (_global_impure_ptr)
d:/clion/gcc/lujing/10 2021.10/bin/../lib/gcc/arm-none-eabi/10.3.1/../../../../arm-none-eabi/lib/thumb/v7e-m+fp/hard\libc_nano.a(lib_a-init.o)
                              d:/clion/gcc/lujing/10 2021.10/bin/../lib/gcc/arm-none-eabi/10.3.1/../../../../arm-none-eabi/lib/thumb/v7e-m+fp/hard/crt0.o (__libc_init_array)
d:/clion/gcc/lujing/10 2021.10/bin/../lib/gcc/arm-none-eabi/10.3.1/../../../../arm-none-eabi/lib/thumb/v7e-m+fp/hard\libc_nano.a(lib_a-memset.o)
                              d:/clion/gcc/lujing/10 2021.10/bin/../lib/gcc/arm-none-eabi/10.3.1/../../../../arm-none-eabi/lib/thumb/v7e-m+fp/hard/crt0.o (memset)

Discarded input sections

 .text          0x00000000        0x0 d:/clion/gcc/lujing/10 2021.10/bin/../lib/gcc/arm-none-eabi/10.3.1/thumb/v7e-m+fp/hard/crti.o
 .data          0x00000000        0x0 d:/clion/gcc/lujing/10 2021.10/bin/../lib/gcc/arm-none-eabi/10.3.1/thumb/v7e-m+fp/hard/crti.o
 .bss           0x00000000        0x0 d:/clion/gcc/lujing/10 2021.10/bin/../lib/gcc/arm-none-eabi/10.3.1/thumb/v7e-m+fp/hard/crti.o
 .data          0x00000000        0x4 d:/clion/gcc/lujing/10 2021.10/bin/../lib/gcc/arm-none-eabi/10.3.1/thumb/v7e-m+fp/hard/crtbegin.o
 .rodata        0x00000000       0x24 d:/clion/gcc/lujing/10 2021.10/bin/../lib/gcc/arm-none-eabi/10.3.1/thumb/v7e-m+fp/hard/crtbegin.o
 .text          0x00000000       0x7c d:/clion/gcc/lujing/10 2021.10/bin/../lib/gcc/arm-none-eabi/10.3.1/../../../../arm-none-eabi/lib/thumb/v7e-m+fp/hard/crt0.o
 .data          0x00000000        0x0 d:/clion/gcc/lujing/10 2021.10/bin/../lib/gcc/arm-none-eabi/10.3.1/../../../../arm-none-eabi/lib/thumb/v7e-m+fp/hard/crt0.o
 .bss           0x00000000        0x0 d:/clion/gcc/lujing/10 2021.10/bin/../lib/gcc/arm-none-eabi/10.3.1/../../../../arm-none-eabi/lib/thumb/v7e-m+fp/hard/crt0.o
 .ARM.extab     0x00000000        0x0 d:/clion/gcc/lujing/10 2021.10/bin/../lib/gcc/arm-none-eabi/10.3.1/../../../../arm-none-eabi/lib/thumb/v7e-m+fp/hard/crt0.o
 .ARM.exidx     0x00000000       0x10 d:/clion/gcc/lujing/10 2021.10/bin/../lib/gcc/arm-none-eabi/10.3.1/../../../../arm-none-eabi/lib/thumb/v7e-m+fp/hard/crt0.o
 .ARM.attributes
                0x00000000       0x1c d:/clion/gcc/lujing/10 2021.10/bin/../lib/gcc/arm-none-eabi/10.3.1/../../../../arm-none-eabi/lib/thumb/v7e-m+fp/hard/crt0.o
 .text          0x00000000        0x0 build/main.o
 .data          0x00000000        0x0 build/main.o
 .bss           0x00000000        0x0 build/main.o
 .bss.TeAnalogWatchdogStatus
                0x00000000        0x4 build/main.o
 .bss.Tempter_buffer
                0x00000000       0x20 build/main.o
 .bss.Volt_buffer
                0x00000000        0x4 build/main.o
 .bss.Watt_buffer
                0x00000000        0x4 build/main.o
 .bss.tempter_B
                0x00000000        0x8 build/main.o
 .text          0x00000000        0x0 build/gpio.o
 .data          0x00000000        0x0 build/gpio.o
 .bss           0x00000000        0x0 build/gpio.o
 .text          0x00000000        0x0 build/adc.o
 .data          0x00000000        0x0 build/adc.o
 .bss           0x00000000        0x0 build/adc.o
 .text.HAL_ADC_MspDeInit
                0x00000000       0xb4 build/adc.o
 .text.Tempter_getvalue_B
                0x00000000       0x24 build/adc.o
 .text.Volt_getvalue
                0x00000000        0x2 build/adc.o
 .text.Watt_getvalue
                0x00000000        0x2 build/adc.o
 .text.HAL_ADC_LevelOutOfWindowCallback2
                0x00000000        0x2 build/adc.o
 .text          0x00000000        0x0 build/dma.o
 .data          0x00000000        0x0 build/dma.o
 .bss           0x00000000        0x0 build/dma.o
 .text          0x00000000        0x0 build/stm32g4xx_it.o
 .data          0x00000000        0x0 build/stm32g4xx_it.o
 .bss           0x00000000        0x0 build/stm32g4xx_it.o
 .text          0x00000000        0x0 build/stm32g4xx_hal_msp.o
 .data          0x00000000        0x0 build/stm32g4xx_hal_msp.o
 .bss           0x00000000        0x0 build/stm32g4xx_hal_msp.o
 .text          0x00000000        0x0 build/stm32g4xx_hal_adc.o
[...]
Memory Configuration

Name             Origin             Length             Attributes
RAM              0x20000000         0x00020000         xrw
FLASH            0x08000000         0x00080000         xr
*default*        0x00000000         0xffffffff

Linker script and memory map

LOAD d:/clion/gcc/lujing/10 2021.10/bin/../lib/gcc/arm-none-eabi/10.3.1/thumb/v7e-m+fp/hard/crti.o
LOAD d:/clion/gcc/lujing/10 2021.10/bin/../lib/gcc/arm-none-eabi/10.3.1/thumb/v7e-m+fp/hard/crtbegin.o
LOAD d:/clion/gcc/lujing/10 2021.10/bin/../lib/gcc/arm-none-eabi/10.3.1/../../../../arm-none-eabi/lib/thumb/v7e-m+fp/hard/crt0.o
LOAD build/main.o
LOAD build/gpio.o
LOAD build/adc.o
LOAD build/dma.o
LOAD build/stm32g4xx_it.o
LOAD build/stm32g4xx_hal_msp.o
LOAD build/stm32g4xx_hal_adc.o
LOAD build/stm32g4xx_hal_adc_ex.o
LOAD build/stm32g4xx_ll_adc.o
LOAD build/stm32g4xx_hal.o
LOAD build/stm32g4xx_hal_rcc.o
LOAD build/stm32g4xx_hal_rcc_ex.o
LOAD build/stm32g4xx_hal_flash.o
LOAD build/stm32g4xx_hal_flash_ex.o
LOAD build/stm32g4xx_hal_flash_ramfunc.o
LOAD build/stm32g4xx_hal_gpio.o
LOAD build/stm32g4xx_hal_exti.o
LOAD build/stm32g4xx_hal_dma.o
LOAD build/stm32g4xx_hal_dma_ex.o
LOAD build/stm32g4xx_hal_pwr.o
LOAD build/stm32g4xx_hal_pwr_ex.o
LOAD build/stm32g4xx_hal_cortex.o
LOAD build/stm32g4xx_hal_tim.o
LOAD build/stm32g4xx_hal_tim_ex.o
LOAD build/system_stm32g4xx.o
LOAD build/sysmem.o
LOAD build/syscalls.o
LOAD build/startup_stm32g473xx.o
LOAD d:/clion/gcc/lujing/10 2021.10/bin/../lib/gcc/arm-none-eabi/10.3.1/../../../../arm-none-eabi/lib/thumb/v7e-m+fp/hard\libc_nano.a
LOAD d:/clion/gcc/lujing/10 2021.10/bin/../lib/gcc/arm-none-eabi/10.3.1/../../../../arm-none-eabi/lib/thumb/v7e-m+fp/hard\libm.a
LOAD d:/clion/gcc/lujing/10 2021.10/bin/../lib/gcc/arm-none-eabi/10.3.1/../../../../arm-none-eabi/lib/thumb/v7e-m+fp/hard\libnosys.a
START GROUP
LOAD d:/clion/gcc/lujing/10 2021.10/bin/../lib/gcc/arm-none-eabi/10.3.1/thumb/v7e-m+fp/hard\libgcc.a
LOAD d:/clion/gcc/lujing/10 2021.10/bin/../lib/gcc/arm-none-eabi/10.3.1/../../../../arm-none-eabi/lib/thumb/v7e-m+fp/hard\libc_nano.a
END GROUP
START GROUP
LOAD d:/clion/gcc/lujing/10 2021.10/bin/../lib/gcc/arm-none-eabi/10.3.1/thumb/v7e-m+fp/hard\libgcc.a
LOAD d:/clion/gcc/lujing/10 2021.10/bin/../lib/gcc/arm-none-eabi/10.3.1/../../../../arm-none-eabi/lib/thumb/v7e-m+fp/hard\libc_nano.a
END GROUP
LOAD d:/clion/gcc/lujing/10 2021.10/bin/../lib/gcc/arm-none-eabi/10.3.1/thumb/v7e-m+fp/hard/crtend.o
LOAD d:/clion/gcc/lujing/10 2021.10/bin/../lib/gcc/arm-none-eabi/10.3.1/thumb/v7e-m+fp/hard/crtn.o
                0x20020000                _estack = (ORIGIN (RAM) + LENGTH (RAM))
                0x00000200                _Min_Heap_Size = 0x200
                0x00000400                _Min_Stack_Size = 0x400

.isr_vector     0x08000000      0x1d8
                0x08000000                . = ALIGN (0x4)
 *(.isr_vector)
 .isr_vector    0x08000000      0x1d8 build/startup_stm32g473xx.o
                0x08000000                g_pfnVectors
                0x080001d8                . = ALIGN (0x4)

.text           0x080001d8     0x3380
                0x080001d8                . = ALIGN (0x4)
 *(.text)
 .text          0x080001d8       0x40 d:/clion/gcc/lujing/10 2021.10/bin/../lib/gcc/arm-none-eabi/10.3.1/thumb/v7e-m+fp/hard/crtbegin.o
 *(.text*)
 .text.Error_Handler
                0x08000218        0x4 build/main.o
                0x08000218                Error_Handler
 .text.SystemClock_Config
                0x0800021c       0x72 build/main.o
                0x0800021c                SystemClock_Config
 *fill*         0x0800028e        0x2 
 .text.main     0x08000290       0x40 build/main.o
                0x08000290                main
 .text.MX_GPIO_Init
                0x080002d0       0xc4 build/gpio.o
                0x080002d0                MX_GPIO_Init
 .text.MX_ADC1_Init
                0x08000394      0x1bc build/adc.o
                0x08000394                MX_ADC1_Init
 .text.MX_ADC2_Init
                0x08000550      0x164 build/adc.o
                0x08000550                MX_ADC2_Init
 .text.MX_ADC3_Init
                0x080006b4       0xc0 build/adc.o
                0x080006b4                MX_ADC3_Init
 .text.HAL_ADC_MspInit
                0x08000774      0x2a4 build/adc.o
                0x08000774                HAL_ADC_MspInit
 .text.Current_getvalue
                0x08000a18       0x20 build/adc.o
                0x08000a18                Current_getvalue
 .text.Tempter_getvalue_A
                0x08000a38       0x20 build/adc.o
                0x08000a38                Tempter_getvalue_A
 .text.input_scan
                0x08000a58       0xb0 build/adc.o
                0x08000a58                input_scan
 .text.HAL_ADC_LevelOutOfWindowCallback
                0x08000b08       0x30 build/adc.o
                0x08000b08                HAL_ADC_LevelOutOfWindowCallback
 .text.MX_DMA_Init
                0x08000b38       0x78 build/dma.o
                0x08000b38                MX_DMA_Init
 .text.NMI_Handler
                0x08000bb0        0x2 build/stm32g4xx_it.o
                0x08000bb0                NMI_Handler
 .text.HardFault_Handler
                0x08000bb2        0x2 build/stm32g4xx_it.o
                0x08000bb2                HardFault_Handler
 .text.MemManage_Handler
                0x08000bb4        0x2 build/stm32g4xx_it.o
                0x08000bb4                MemManage_Handler
 .text.BusFault_Handler
                0x08000bb6        0x2 build/stm32g4xx_it.o
                0x08000bb6                BusFault_Handler
 .text.UsageFault_Handler
                0x08000bb8        0x2 build/stm32g4xx_it.o
                0x08000bb8                UsageFault_Handler
 .text.SVC_Handler
                0x08000bba        0x2 build/stm32g4xx_it.o
                0x08000bba                SVC_Handler
 .text.DebugMon_Handler
                0x08000bbc        0x2 build/stm32g4xx_it.o
                0x08000bbc                DebugMon_Handler
 .text.PendSV_Handler
                0x08000bbe        0x2 build/stm32g4xx_it.o
                0x08000bbe                PendSV_Handler
 .text.SysTick_Handler
                0x08000bc0        0x8 build/stm32g4xx_it.o
                0x08000bc0                SysTick_Handler
 .text.DMA1_Channel1_IRQHandler
                0x08000bc8       0x10 build/stm32g4xx_it.o
                0x08000bc8                DMA1_Channel1_IRQHandler
 .text.DMA1_Channel2_IRQHandler
                0x08000bd8       0x10 build/stm32g4xx_it.o
                0x08000bd8                DMA1_Channel2_IRQHandler
 .text.ADC1_2_IRQHandler
                0x08000be8       0x18 build/stm32g4xx_it.o
                0x08000be8                ADC1_2_IRQHandler
 .text.ADC3_IRQHandler
                0x08000c00       0x10 build/stm32g4xx_it.o
                0x08000c00                ADC3_IRQHandler
 .text.DMA2_Channel2_IRQHandler
                0x08000c10       0x10 build/stm32g4xx_it.o
                0x08000c10                DMA2_Channel2_IRQHandler
 .text.HAL_MspInit
                0x08000c20       0x38 build/stm32g4xx_hal_msp.o
                0x08000c20                HAL_MspInit
 .text.HAL_ADC_Init
                0x08000c58      0x29c build/stm32g4xx_hal_adc.o
                0x08000c58                HAL_ADC_Init
 .text.HAL_ADC_ConvCpltCallback
                0x08000ef4        0x2 build/stm32g4xx_hal_adc.o
                0x08000ef4                HAL_ADC_ConvCpltCallback
 .text.HAL_ADC_ConvHalfCpltCallback
                0x08000ef6        0x2 build/stm32g4xx_hal_adc.o
                0x08000ef6                HAL_ADC_ConvHalfCpltCallback
 .text.ADC_DMAHalfConvCplt
                0x08000ef8        0xa build/stm32g4xx_hal_adc.o
                0x08000ef8                ADC_DMAHalfConvCplt
 .text.HAL_ADC_ErrorCallback
                0x08000f02        0x2 build/stm32g4xx_hal_adc.o
                0x08000f02                HAL_ADC_ErrorCallback
 .text.HAL_ADC_IRQHandler
                0x08000f04      0x2e4 build/stm32g4xx_hal_adc.o
                0x08000f04                HAL_ADC_IRQHandler
 .text.ADC_DMAConvCplt
                0x080011e8       0x88 build/stm32g4xx_hal_adc.o
                0x080011e8                ADC_DMAConvCplt
 .text.ADC_DMAError
                0x08001270       0x1a build/stm32g4xx_hal_adc.o
                0x08001270                ADC_DMAError
 *fill*         0x0800128a        0x2 
 .text.HAL_ADC_ConfigChannel
                0x0800128c      0x538 build/stm32g4xx_hal_adc.o
                0x0800128c                HAL_ADC_ConfigChannel
 .text.HAL_ADC_AnalogWDGConfig
                0x080017c4      0x33c build/stm32g4xx_hal_adc.o
                0x080017c4                HAL_ADC_AnalogWDGConfig
 .text.ADC_Enable
                0x08001b00       0xf8 build/stm32g4xx_hal_adc.o
                0x08001b00                ADC_Enable
 .text.HAL_ADC_Start_IT
                0x08001bf8      0x1c4 build/stm32g4xx_hal_adc.o
                0x08001bf8                HAL_ADC_Start_IT
 .text.HAL_ADC_Start_DMA
                0x08001dbc      0x138 build/stm32g4xx_hal_adc.o
                0x08001dbc                HAL_ADC_Start_DMA
 .text.ADC_Disable
                0x08001ef4       0x94 build/stm32g4xx_hal_adc.o
                0x08001ef4                ADC_Disable
 .text.HAL_ADCEx_Calibration_Start
                0x08001f88       0x9c build/stm32g4xx_hal_adc_ex.o
                0x08001f88                HAL_ADCEx_Calibration_Start
 .text.HAL_ADCEx_InjectedConvCpltCallback
                0x08002024        0x2 build/stm32g4xx_hal_adc_ex.o
                0x08002024                HAL_ADCEx_InjectedConvCpltCallback
 .text.HAL_ADCEx_InjectedQueueOverflowCallback
                0x08002026        0x2 build/stm32g4xx_hal_adc_ex.o
                0x08002026                HAL_ADCEx_InjectedQueueOverflowCallback
 .text.HAL_ADCEx_LevelOutOfWindow2Callback
                0x08002028        0x2 build/stm32g4xx_hal_adc_ex.o
                0x08002028                HAL_ADCEx_LevelOutOfWindow2Callback
 .text.HAL_ADCEx_LevelOutOfWindow3Callback
                0x0800202a        0x2 build/stm32g4xx_hal_adc_ex.o
                0x0800202a                HAL_ADCEx_LevelOutOfWindow3Callback
 .text.HAL_ADCEx_EndOfSamplingCallback
                0x0800202c        0x2 build/stm32g4xx_hal_adc_ex.o
                0x0800202c                HAL_ADCEx_EndOfSamplingCallback
 *fill*         0x0800202e        0x2 
 .text.HAL_ADCEx_MultiModeConfigChannel
                0x08002030      0x1d4 build/stm32g4xx_hal_adc_ex.o
                0x08002030                HAL_ADCEx_MultiModeConfigChannel
 .text.HAL_InitTick
                0x08002204       0x50 build/stm32g4xx_hal.o
                0x08002204                HAL_InitTick
 .text.HAL_Init
                0x08002254       0x1e build/stm32g4xx_hal.o
                0x08002254                HAL_Init
 *fill*         0x08002272        0x2 
 .text.HAL_IncTick
                0x08002274       0x18 build/stm32g4xx_hal.o
                0x08002274                HAL_IncTick
 .text.HAL_GetTick
                0x0800228c        0xc build/stm32g4xx_hal.o
                0x0800228c                HAL_GetTick
 .text.RCC_GetSysClockFreqFromPLLSource
                0x08002298       0x58 build/stm32g4xx_hal_rcc.o
 .text.HAL_RCC_OscConfig
                0x080022f0      0x4e4 build/stm32g4xx_hal_rcc.o
                0x080022f0                HAL_RCC_OscConfig
 .text.HAL_RCC_GetSysClockFreq
                0x080027d4       0x88 build/stm32g4xx_hal_rcc.o
                0x080027d4                HAL_RCC_GetSysClockFreq
 .text.HAL_RCC_ClockConfig
                0x0800285c      0x1f8 build/stm32g4xx_hal_rcc.o
                0x0800285c                HAL_RCC_ClockConfig
 .text.HAL_RCCEx_PeriphCLKConfig
                0x08002a54      0x378 build/stm32g4xx_hal_rcc_ex.o
                0x08002a54                HAL_RCCEx_PeriphCLKConfig
 .text.HAL_GPIO_Init
                0x08002dcc      0x1d4 build/stm32g4xx_hal_gpio.o
                0x08002dcc                HAL_GPIO_Init
 .text.HAL_GPIO_WritePin
                0x08002fa0        0xa build/stm32g4xx_hal_gpio.o
                0x08002fa0                HAL_GPIO_WritePin
 .text.DMA_SetConfig
                0x08002faa       0x42 build/stm32g4xx_hal_dma.o
 .text.DMA_CalcDMAMUXChannelBaseAndMask
                0x08002fec       0x48 build/stm32g4xx_hal_dma.o
 .text.DMA_CalcDMAMUXRequestGenBaseAndMask
                0x08003034       0x28 build/stm32g4xx_hal_dma.o
 .text.HAL_DMA_Init
                0x0800305c       0xd8 build/stm32g4xx_hal_dma.o
                0x0800305c                HAL_DMA_Init
 .text.HAL_DMA_Start_IT
                0x08003134       0x94 build/stm32g4xx_hal_dma.o
                0x08003134                HAL_DMA_Start_IT
 .text.HAL_DMA_IRQHandler
                0x080031c8       0xc4 build/stm32g4xx_hal_dma.o
                0x080031c8                HAL_DMA_IRQHandler
 .text.HAL_PWREx_ControlVoltageScaling
                0x0800328c      0x10c build/stm32g4xx_hal_pwr_ex.o
                0x0800328c                HAL_PWREx_ControlVoltageScaling
 .text.HAL_PWREx_DisableUCPDDeadBattery
                0x08003398       0x10 build/stm32g4xx_hal_pwr_ex.o
                0x08003398                HAL_PWREx_DisableUCPDDeadBattery
 .text.HAL_NVIC_SetPriorityGrouping
                0x080033a8       0x24 build/stm32g4xx_hal_cortex.o
                0x080033a8                HAL_NVIC_SetPriorityGrouping
 .text.HAL_NVIC_SetPriority
                0x080033cc       0x70 build/stm32g4xx_hal_cortex.o
                0x080033cc                HAL_NVIC_SetPriority
 .text.HAL_NVIC_EnableIRQ
                0x0800343c       0x1c build/stm32g4xx_hal_cortex.o
                0x0800343c                HAL_NVIC_EnableIRQ
 .text.HAL_SYSTICK_Config
                0x08003458       0x28 build/stm32g4xx_hal_cortex.o
                0x08003458                HAL_SYSTICK_Config
 .text.SystemInit
                0x08003480       0x14 build/system_stm32g4xx.o
                0x08003480                SystemInit
 .text.Reset_Handler
                0x08003494       0x50 build/startup_stm32g473xx.o
                0x08003494                Reset_Handler
 .text.Default_Handler
                0x080034e4        0x2 build/startup_stm32g473xx.o
                0x080034e4                RTC_Alarm_IRQHandler
                0x080034e4                EXTI2_IRQHandler
                0x080034e4                TIM8_TRG_COM_IRQHandler
                0x080034e4                TIM8_CC_IRQHandler
                0x080034e4                SPI4_IRQHandler
                0x080034e4                FDCAN3_IT0_IRQHandler
                0x080034e4                TIM1_CC_IRQHandler
                0x080034e4                USB_HP_IRQHandler
                0x080034e4                CORDIC_IRQHandler
                0x080034e4                DMA2_Channel8_IRQHandler
                0x080034e4                EXTI3_IRQHandler
                0x080034e4                I2C3_ER_IRQHandler
                0x080034e4                EXTI0_IRQHandler
                0x080034e4                I2C2_EV_IRQHandler
                0x080034e4                FPU_IRQHandler
                0x080034e4                FDCAN1_IT1_IRQHandler
                0x080034e4                TIM1_UP_TIM16_IRQHandler
                0x080034e4                SPI1_IRQHandler
                0x080034e4                TIM6_DAC_IRQHandler
                0x080034e4                TIM8_UP_IRQHandler
                0x080034e4                DMA1_Channel4_IRQHandler
                0x080034e4                TIM20_TRG_COM_IRQHandler
                0x080034e4                USART3_IRQHandler
                0x080034e4                DMA1_Channel7_IRQHandler
                0x080034e4                UART5_IRQHandler
                0x080034e4                TIM4_IRQHandler
                0x080034e4                DMA2_Channel1_IRQHandler
                0x080034e4                QUADSPI_IRQHandler
                0x080034e4                I2C1_EV_IRQHandler
                0x080034e4                DMA1_Channel6_IRQHandler
                0x080034e4                UART4_IRQHandler
                0x080034e4                DMA2_Channel4_IRQHandler
                0x080034e4                TIM3_IRQHandler
                0x080034e4                RCC_IRQHandler
                0x080034e4                TIM20_UP_IRQHandler
                0x080034e4                Default_Handler
                0x080034e4                DMA2_Channel7_IRQHandler
                0x080034e4                RTC_TAMP_LSECSS_IRQHandler
                0x080034e4                FMAC_IRQHandler
                0x080034e4                EXTI15_10_IRQHandler
                0x080034e4                DMA1_Channel8_IRQHandler
                0x080034e4                TIM7_DAC_IRQHandler
                0x080034e4                FDCAN3_IT1_IRQHandler
                0x080034e4                TIM5_IRQHandler
                0x080034e4                UCPD1_IRQHandler
                0x080034e4                I2C3_EV_IRQHandler
                0x080034e4                EXTI9_5_IRQHandler
                0x080034e4                RTC_WKUP_IRQHandler
                0x080034e4                PVD_PVM_IRQHandler
                0x080034e4                SPI2_IRQHandler
                0x080034e4                ADC5_IRQHandler
                0x080034e4                DMA2_Channel5_IRQHandler
                0x080034e4                CRS_IRQHandler
                0x080034e4                DMA1_Channel5_IRQHandler
                0x080034e4                USB_LP_IRQHandler
                0x080034e4                EXTI4_IRQHandler
                0x080034e4                RNG_IRQHandler
                0x080034e4                TIM1_TRG_COM_TIM17_IRQHandler
                0x080034e4                FDCAN2_IT1_IRQHandler
                0x080034e4                DMA1_Channel3_IRQHandler
                0x080034e4                ADC4_IRQHandler
                0x080034e4                WWDG_IRQHandler
                0x080034e4                I2C4_EV_IRQHandler
                0x080034e4                FDCAN2_IT0_IRQHandler
                0x080034e4                LPUART1_IRQHandler
                0x080034e4                DMA2_Channel6_IRQHandler
                0x080034e4                FDCAN1_IT0_IRQHandler
                0x080034e4                TIM2_IRQHandler
                0x080034e4                COMP7_IRQHandler
                0x080034e4                COMP1_2_3_IRQHandler
                0x080034e4                EXTI1_IRQHandler
                0x080034e4                USART2_IRQHandler
                0x080034e4                COMP4_5_6_IRQHandler
                0x080034e4                TIM20_BRK_IRQHandler
                0x080034e4                I2C2_ER_IRQHandler
                0x080034e4                TIM8_BRK_IRQHandler
                0x080034e4                FLASH_IRQHandler
                0x080034e4                TIM20_CC_IRQHandler
                0x080034e4                USART1_IRQHandler
                0x080034e4                SPI3_IRQHandler
                0x080034e4                I2C1_ER_IRQHandler
                0x080034e4                FMC_IRQHandler
                0x080034e4                LPTIM1_IRQHandler
                0x080034e4                DMAMUX_OVR_IRQHandler
                0x080034e4                I2C4_ER_IRQHandler
                0x080034e4                USBWakeUp_IRQHandler
                0x080034e4                SAI1_IRQHandler
                0x080034e4                DMA2_Channel3_IRQHandler
                0x080034e4                TIM1_BRK_TIM15_IRQHandler
 *fill*         0x080034e6        0x2 
 .text.__libc_init_array
                0x080034e8       0x48 d:/clion/gcc/lujing/10 2021.10/bin/../lib/gcc/arm-none-eabi/10.3.1/../../../../arm-none-eabi/lib/thumb/v7e-m+fp/hard\libc_nano.a(lib_a-init.o)
                0x080034e8                __libc_init_array
 .text.memset   0x08003530       0x10 d:/clion/gcc/lujing/10 2021.10/bin/../lib/gcc/arm-none-eabi/10.3.1/../../../../arm-none-eabi/lib/thumb/v7e-m+fp/hard\libc_nano.a(lib_a-memset.o)
                0x08003530                memset
 *(.glue_7)
 .glue_7        0x08003540        0x0 linker stubs
 *(.glue_7t)
 .glue_7t       0x08003540        0x0 linker stubs
 *(.eh_frame)
 .eh_frame      0x08003540        0x0 d:/clion/gcc/lujing/10 2021.10/bin/../lib/gcc/arm-none-eabi/10.3.1/thumb/v7e-m+fp/hard/crtbegin.o
 *(.init)
 .init          0x08003540        0x4 d:/clion/gcc/lujing/10 2021.10/bin/../lib/gcc/arm-none-eabi/10.3.1/thumb/v7e-m+fp/hard/crti.o
                0x08003540                _init
 .init          0x08003544        0x8 d:/clion/gcc/lujing/10 2021.10/bin/../lib/gcc/arm-none-eabi/10.3.1/thumb/v7e-m+fp/hard/crtn.o
 *(.fini)
 .fini          0x0800354c        0x4 d:/clion/gcc/lujing/10 2021.10/bin/../lib/gcc/arm-none-eabi/10.3.1/thumb/v7e-m+fp/hard/crti.o
                0x0800354c                _fini
 .fini          0x08003550        0x8 d:/clion/gcc/lujing/10 2021.10/bin/../lib/gcc/arm-none-eabi/10.3.1/thumb/v7e-m+fp/hard/crtn.o
                0x08003558                . = ALIGN (0x4)
                0x08003558                _etext = .

.vfp11_veneer   0x08003558        0x0
 .vfp11_veneer  0x08003558        0x0 linker stubs

.v4_bx          0x08003558        0x0
 .v4_bx         0x08003558        0x0 linker stubs

.iplt           0x08003558        0x0
 .iplt          0x08003558        0x0 d:/clion/gcc/lujing/10 2021.10/bin/../lib/gcc/arm-none-eabi/10.3.1/thumb/v7e-m+fp/hard/crtbegin.o

.rodata         0x08003558       0x10
                0x08003558                . = ALIGN (0x4)
 *(.rodata)
 *(.rodata*)
 .rodata.AHBPrescTable
                0x08003558       0x10 build/system_stm32g4xx.o
                0x08003558                AHBPrescTable
                0x08003568                . = ALIGN (0x4)

.rel.dyn        0x08003568        0x0
 .rel.iplt      0x08003568        0x0 d:/clion/gcc/lujing/10 2021.10/bin/../lib/gcc/arm-none-eabi/10.3.1/thumb/v7e-m+fp/hard/crtbegin.o

.ARM.extab
 *(.ARM.extab* .gnu.linkonce.armextab.*)

.ARM            0x08003568        0x0
                0x08003568                __exidx_start = .
 *(.ARM.exidx*)
                0x08003568                __exidx_end = .

.preinit_array  0x08003568        0x0
                0x08003568                PROVIDE (__preinit_array_start = .)
 *(.preinit_array*)
                0x08003568                PROVIDE (__preinit_array_end = .)

.init_array     0x08003568        0x4
                0x08003568                PROVIDE (__init_array_start = .)
 *(SORT_BY_NAME(.init_array.*))
 *(.init_array*)
 .init_array    0x08003568        0x4 d:/clion/gcc/lujing/10 2021.10/bin/../lib/gcc/arm-none-eabi/10.3.1/thumb/v7e-m+fp/hard/crtbegin.o
                0x0800356c                PROVIDE (__init_array_end = .)

.fini_array     0x0800356c        0x4
                [!provide]                PROVIDE (__fini_array_start = .)
 *(SORT_BY_NAME(.fini_array.*))
 *(.fini_array*)
 .fini_array    0x0800356c        0x4 d:/clion/gcc/lujing/10 2021.10/bin/../lib/gcc/arm-none-eabi/10.3.1/thumb/v7e-m+fp/hard/crtbegin.o
                [!provide]                PROVIDE (__fini_array_end = .)
                0x08003570                _sidata = LOADADDR (.data)

.data           0x20000000        0xc load address 0x08003570
                0x20000000                . = ALIGN (0x4)
                0x20000000                _sdata = .
 *(.data)
 *(.data*)
 .data.uwTickFreq
                0x20000000        0x4 build/stm32g4xx_hal.o
                0x20000000                uwTickFreq
 .data.uwTickPrio
                0x20000004        0x4 build/stm32g4xx_hal.o
                0x20000004                uwTickPrio
 .data.SystemCoreClock
                0x20000008        0x4 build/system_stm32g4xx.o
                0x20000008                SystemCoreClock
                0x2000000c                . = ALIGN (0x4)
                0x2000000c                _edata = .

.igot.plt       0x2000000c        0x0 load address 0x0800357c
 .igot.plt      0x2000000c        0x0 d:/clion/gcc/lujing/10 2021.10/bin/../lib/gcc/arm-none-eabi/10.3.1/thumb/v7e-m+fp/hard/crtbegin.o
                0x2000000c                . = ALIGN (0x4)

.bss            0x2000000c      0x2c8 load address 0x0800357c
                0x2000000c                _sbss = .
                0x2000000c                __bss_start__ = _sbss
 *(.bss)
 .bss           0x2000000c       0x1c d:/clion/gcc/lujing/10 2021.10/bin/../lib/gcc/arm-none-eabi/10.3.1/thumb/v7e-m+fp/hard/crtbegin.o
 *(.bss*)
 .bss.Current_buffer
                0x20000028       0x20 build/main.o
                0x20000028                Current_buffer
 .bss.Magic     0x20000048        0x4 build/main.o
                0x20000048                Magic
 .bss.tempter_A
                0x2000004c       0x18 build/main.o
                0x2000004c                tempter_A
 .bss.ubAnalogWatchdogStatus
                0x20000064        0x4 build/main.o
                0x20000064                ubAnalogWatchdogStatus
 .bss.HAL_RCC_ADC12_CLK_ENABLED
                0x20000068        0x4 build/adc.o
 .bss.hadc1     0x2000006c       0x6c build/adc.o
                0x2000006c                hadc1
 .bss.hadc2     0x200000d8       0x6c build/adc.o
                0x200000d8                hadc2
 .bss.hadc3     0x20000144       0x6c build/adc.o
                0x20000144                hadc3
 .bss.hdma_adc1
                0x200001b0       0x60 build/adc.o
                0x200001b0                hdma_adc1
 .bss.hdma_adc2
                0x20000210       0x60 build/adc.o
                0x20000210                hdma_adc2
 .bss.hdma_adc3
                0x20000270       0x60 build/adc.o
                0x20000270                hdma_adc3
 .bss.uwTick    0x200002d0        0x4 build/stm32g4xx_hal.o
                0x200002d0                uwTick
 *(COMMON)
                0x200002d4                . = ALIGN (0x4)
                0x200002d4                _ebss = .
                0x200002d4                __bss_end__ = _ebss

._user_heap_stack
                0x200002d4      0x604 load address 0x0800357c
                0x200002d8                . = ALIGN (0x8)
 *fill*         0x200002d4        0x4 
                [!provide]                PROVIDE (end = .)
                0x200002d8                PROVIDE (_end = .)
                0x200004d8                . = (. + _Min_Heap_Size)
 *fill*         0x200002d8      0x200 
                0x200008d8                . = (. + _Min_Stack_Size)
 *fill*         0x200004d8      0x400 
                0x200008d8                . = ALIGN (0x8)

/DISCARD/
 libc.a(*)
 libm.a(*)
 libgcc.a(*)

.ARM.attributes
                0x00000000       0x30
 *(.ARM.attributes)
 .ARM.attributes
                0x00000000       0x1e d:/clion/gcc/lujing/10 2021.10/bin/../lib/gcc/arm-none-eabi/10.3.1/thumb/v7e-m+fp/hard/crti.o
 .ARM.attributes
                0x0000001e       0x34 d:/clion/gcc/lujing/10 2021.10/bin/../lib/gcc/arm-none-eabi/10.3.1/thumb/v7e-m+fp/hard/crtbegin.o
 .ARM.attributes
                0x00000052       0x34 build/main.o
 .ARM.attributes
                0x00000086       0x34 build/gpio.o
 .ARM.attributes
                0x000000ba       0x34 build/adc.o
 .ARM.attributes
                0x000000ee       0x34 build/dma.o
 .ARM.attributes
                0x00000122       0x34 build/stm32g4xx_it.o
 .ARM.attributes
                0x00000156       0x34 build/stm32g4xx_hal_msp.o
 .ARM.attributes
                0x0000018a       0x34 build/stm32g4xx_hal_adc.o
 .ARM.attributes
                0x000001be       0x34 build/stm32g4xx_hal_adc_ex.o
 .ARM.attributes
                0x000001f2       0x34 build/stm32g4xx_hal.o
 .ARM.attributes
                0x00000226       0x34 build/stm32g4xx_hal_rcc.o
 .ARM.attributes
                0x0000025a       0x34 build/stm32g4xx_hal_rcc_ex.o
 .ARM.attributes
                0x0000028e       0x34 build/stm32g4xx_hal_gpio.o
 .ARM.attributes
                0x000002c2       0x34 build/stm32g4xx_hal_dma.o
 .ARM.attributes
                0x000002f6       0x34 build/stm32g4xx_hal_pwr_ex.o
 .ARM.attributes
                0x0000032a       0x34 build/stm32g4xx_hal_cortex.o
 .ARM.attributes
                0x0000035e       0x34 build/system_stm32g4xx.o
 .ARM.attributes
                0x00000392       0x21 build/startup_stm32g473xx.o
 .ARM.attributes
                0x000003b3       0x34 d:/clion/gcc/lujing/10 2021.10/bin/../lib/gcc/arm-none-eabi/10.3.1/../../../../arm-none-eabi/lib/thumb/v7e-m+fp/hard\libc_nano.a(lib_a-init.o)
 .ARM.attributes
                0x000003e7       0x34 d:/clion/gcc/lujing/10 2021.10/bin/../lib/gcc/arm-none-eabi/10.3.1/../../../../arm-none-eabi/lib/thumb/v7e-m+fp/hard\libc_nano.a(lib_a-memset.o)
 .ARM.attributes
                0x0000041b       0x1e d:/clion/gcc/lujing/10 2021.10/bin/../lib/gcc/arm-none-eabi/10.3.1/thumb/v7e-m+fp/hard/crtn.o
OUTPUT(build/STM32G473_TEXT.elf elf32-littlearm)
LOAD linker stubs
LOAD d:/clion/gcc/lujing/10 2021.10/bin/../lib/gcc/arm-none-eabi/10.3.1/../../../../arm-none-eabi/lib/thumb/v7e-m+fp/hard\libc.a
LOAD d:/clion/gcc/lujing/10 2021.10/bin/../lib/gcc/arm-none-eabi/10.3.1/../../../../arm-none-eabi/lib/thumb/v7e-m+fp/hard\libm.a
LOAD d:/clion/gcc/lujing/10 2021.10/bin/../lib/gcc/arm-none-eabi/10.3.1/thumb/v7e-m+fp/hard\libgcc.a

.debug_info     0x00000000    0x11bfd
 .debug_info    0x00000000      0xe30 build/main.o
 .debug_info    0x00000e30      0x5e5 build/gpio.o
 .debug_info    0x00001415     0x1ff2 build/adc.o
 .debug_info    0x00003407      0x6cc build/dma.o
 .debug_info    0x00003ad3      0xb4a build/stm32g4xx_it.o
 .debug_info    0x0000461d      0x3a8 build/stm32g4xx_hal_msp.o
 .debug_info    0x000049c5     0x3a16 build/stm32g4xx_hal_adc.o
 .debug_info    0x000083db     0x3278 build/stm32g4xx_hal_adc_ex.o
 .debug_info    0x0000b653      0xd6e build/stm32g4xx_hal.o
 .debug_info    0x0000c3c1     0x104b build/stm32g4xx_hal_rcc.o
 .debug_info    0x0000d40c     0x10a7 build/stm32g4xx_hal_rcc_ex.o
 .debug_info    0x0000e4b3      0x92d build/stm32g4xx_hal_gpio.o
 .debug_info    0x0000ede0      0xaeb build/stm32g4xx_hal_dma.o
 .debug_info    0x0000f8cb      0xb20 build/stm32g4xx_hal_pwr_ex.o
 .debug_info    0x000103eb     0x11a7 build/stm32g4xx_hal_cortex.o
 .debug_info    0x00011592      0x649 build/system_stm32g4xx.o
 .debug_info    0x00011bdb       0x22 build/startup_stm32g473xx.o

.debug_abbrev   0x00000000     0x2307
 .debug_abbrev  0x00000000      0x23c build/main.o
 .debug_abbrev  0x0000023c      0x151 build/gpio.o
 .debug_abbrev  0x0000038d      0x29a build/adc.o
 .debug_abbrev  0x00000627      0x117 build/dma.o
 .debug_abbrev  0x0000073e      0x196 build/stm32g4xx_it.o
 .debug_abbrev  0x000008d4       0xd9 build/stm32g4xx_hal_msp.o
 .debug_abbrev  0x000009ad      0x308 build/stm32g4xx_hal_adc.o
 .debug_abbrev  0x00000cb5      0x36a build/stm32g4xx_hal_adc_ex.o
 .debug_abbrev  0x0000101f      0x25d build/stm32g4xx_hal.o
 .debug_abbrev  0x0000127c      0x2ac build/stm32g4xx_hal_rcc.o
 .debug_abbrev  0x00001528      0x262 build/stm32g4xx_hal_rcc_ex.o
 .debug_abbrev  0x0000178a      0x222 build/stm32g4xx_hal_gpio.o
 .debug_abbrev  0x000019ac      0x251 build/stm32g4xx_hal_dma.o
 .debug_abbrev  0x00001bfd      0x264 build/stm32g4xx_hal_pwr_ex.o
 .debug_abbrev  0x00001e61      0x379 build/stm32g4xx_hal_cortex.o
 .debug_abbrev  0x000021da      0x11b build/system_stm32g4xx.o
 .debug_abbrev  0x000022f5       0x12 build/startup_stm32g473xx.o

.debug_loc      0x00000000     0x9c02
 .debug_loc     0x00000000       0x66 build/main.o
 .debug_loc     0x00000066       0x39 build/gpio.o
 .debug_loc     0x0000009f      0x248 build/adc.o
 .debug_loc     0x000002e7       0x38 build/dma.o
 .debug_loc     0x0000031f       0xc0 build/stm32g4xx_it.o
 .debug_loc     0x000003df       0x38 build/stm32g4xx_hal_msp.o
 .debug_loc     0x00000417     0x2b65 build/stm32g4xx_hal_adc.o
 .debug_loc     0x00002f7c     0x291a build/stm32g4xx_hal_adc_ex.o
 .debug_loc     0x00005896      0x2af build/stm32g4xx_hal.o
 .debug_loc     0x00005b45      0x999 build/stm32g4xx_hal_rcc.o
 .debug_loc     0x000064de     0x166f build/stm32g4xx_hal_rcc_ex.o
 .debug_loc     0x00007b4d      0x46f build/stm32g4xx_hal_gpio.o
 .debug_loc     0x00007fbc      0x9d0 build/stm32g4xx_hal_dma.o
 .debug_loc     0x0000898c      0xa43 build/stm32g4xx_hal_pwr_ex.o
 .debug_loc     0x000093cf      0x796 build/stm32g4xx_hal_cortex.o
 .debug_loc     0x00009b65       0x9d build/system_stm32g4xx.o

.debug_aranges  0x00000000      0x940
 .debug_aranges
                0x00000000       0x30 build/main.o
 .debug_aranges
                0x00000030       0x20 build/gpio.o
 .debug_aranges
                0x00000050       0x80 build/adc.o
 .debug_aranges
                0x000000d0       0x20 build/dma.o
 .debug_aranges
                0x000000f0       0x88 build/stm32g4xx_it.o
 .debug_aranges
                0x00000178       0x20 build/stm32g4xx_hal_msp.o
 .debug_aranges
                0x00000198      0x108 build/stm32g4xx_hal_adc.o
 .debug_aranges
                0x000002a0       0xf0 build/stm32g4xx_hal_adc_ex.o
 .debug_aranges
                0x00000390      0x148 build/stm32g4xx_hal.o
 .debug_aranges
                0x000004d8       0x98 build/stm32g4xx_hal_rcc.o
 .debug_aranges
                0x00000570       0xb0 build/stm32g4xx_hal_rcc_ex.o
 .debug_aranges
                0x00000620       0x58 build/stm32g4xx_hal_gpio.o
 .debug_aranges
                0x00000678       0x90 build/stm32g4xx_hal_dma.o
 .debug_aranges
                0x00000708      0x140 build/stm32g4xx_hal_pwr_ex.o
 .debug_aranges
                0x00000848       0xa8 build/stm32g4xx_hal_cortex.o
 .debug_aranges
                0x000008f0       0x28 build/system_stm32g4xx.o
 .debug_aranges
                0x00000918       0x28 build/startup_stm32g473xx.o

.debug_ranges   0x00000000      0xb20
 .debug_ranges  0x00000000       0x20 build/main.o
 .debug_ranges  0x00000020       0x10 build/gpio.o
 .debug_ranges  0x00000030       0x70 build/adc.o
 .debug_ranges  0x000000a0       0x10 build/dma.o
 .debug_ranges  0x000000b0       0x78 build/stm32g4xx_it.o
 .debug_ranges  0x00000128       0x10 build/stm32g4xx_hal_msp.o
 .debug_ranges  0x00000138      0x230 build/stm32g4xx_hal_adc.o
 .debug_ranges  0x00000368      0x200 build/stm32g4xx_hal_adc_ex.o
 .debug_ranges  0x00000568      0x138 build/stm32g4xx_hal.o
 .debug_ranges  0x000006a0       0xa0 build/stm32g4xx_hal_rcc.o
 .debug_ranges  0x00000740       0xb8 build/stm32g4xx_hal_rcc_ex.o
 .debug_ranges  0x000007f8       0x48 build/stm32g4xx_hal_gpio.o
 .debug_ranges  0x00000840       0x80 build/stm32g4xx_hal_dma.o
 .debug_ranges  0x000008c0      0x130 build/stm32g4xx_hal_pwr_ex.o
 .debug_ranges  0x000009f0       0xf8 build/stm32g4xx_hal_cortex.o
 .debug_ranges  0x00000ae8       0x18 build/system_stm32g4xx.o
 .debug_ranges  0x00000b00       0x20 build/startup_stm32g473xx.o

.debug_line     0x00000000     0xae52
 .debug_line    0x00000000      0x347 build/main.o
 .debug_line    0x00000347      0x1bc build/gpio.o
 .debug_line    0x00000503      0xcec build/adc.o
 .debug_line    0x000011ef      0x16b build/dma.o
 .debug_line    0x0000135a      0x31d build/stm32g4xx_it.o
 .debug_line    0x00001677      0x16e build/stm32g4xx_hal_msp.o
 .debug_line    0x000017e5     0x27be build/stm32g4xx_hal_adc.o
 .debug_line    0x00003fa3     0x21ac build/stm32g4xx_hal_adc_ex.o
 .debug_line    0x0000614f      0x6a1 build/stm32g4xx_hal.o
 .debug_line    0x000067f0      0xdbe build/stm32g4xx_hal_rcc.o
 .debug_line    0x000075ae     0x122b build/stm32g4xx_hal_rcc_ex.o
 .debug_line    0x000087d9      0x656 build/stm32g4xx_hal_gpio.o
 .debug_line    0x00008e2f      0xc18 build/stm32g4xx_hal_dma.o
 .debug_line    0x00009a47      0xa49 build/stm32g4xx_hal_pwr_ex.o
 .debug_line    0x0000a490      0x736 build/stm32g4xx_hal_cortex.o
 .debug_line    0x0000abc6      0x215 build/system_stm32g4xx.o
 .debug_line    0x0000addb       0x77 build/startup_stm32g473xx.o

.debug_str      0x00000000     0x3e5c
 .debug_str     0x00000000      0x98f build/main.o
                                0xa66 (size before relaxing)
 .debug_str     0x0000098f      0x1b9 build/gpio.o
                                0x3d7 (size before relaxing)
 .debug_str     0x00000b48      0xa24 build/adc.o
                               0x1496 (size before relaxing)
 .debug_str     0x0000156c        0xf build/dma.o
                                0x8df (size before relaxing)
 .debug_str     0x0000157b      0x147 build/stm32g4xx_it.o
                                0x8de (size before relaxing)
 .debug_str     0x000016c2       0x4a build/stm32g4xx_hal_msp.o
                                0x347 (size before relaxing)
 .debug_str     0x0000170c      0x981 build/stm32g4xx_hal_adc.o
                               0x12fd (size before relaxing)
 .debug_str     0x0000208d      0x5c9 build/stm32g4xx_hal_adc_ex.o
                               0x12d4 (size before relaxing)
 .debug_str     0x00002656      0x470 build/stm32g4xx_hal.o
                                0xdc0 (size before relaxing)
 .debug_str     0x00002ac6      0x326 build/stm32g4xx_hal_rcc.o
                                0x869 (size before relaxing)
 .debug_str     0x00002dec      0x3c2 build/stm32g4xx_hal_rcc_ex.o
                                0xa79 (size before relaxing)
 .debug_str     0x000031ae       0xda build/stm32g4xx_hal_gpio.o
                                0x554 (size before relaxing)
 .debug_str     0x00003288      0x287 build/stm32g4xx_hal_dma.o
                                0x7b5 (size before relaxing)
 .debug_str     0x0000350f      0x4c3 build/stm32g4xx_hal_pwr_ex.o
                                0x7f6 (size before relaxing)
 .debug_str     0x000039d2      0x429 build/stm32g4xx_hal_cortex.o
                                0xce8 (size before relaxing)
 .debug_str     0x00003dfb       0x3d build/system_stm32g4xx.o
                                0x3db (size before relaxing)
 .debug_str     0x00003e38       0x24 build/startup_stm32g473xx.o
                                 0x7a (size before relaxing)

.comment        0x00000000       0x49
 .comment       0x00000000       0x49 build/main.o
                                 0x4a (size before relaxing)
 .comment       0x00000049       0x4a build/gpio.o
 .comment       0x00000049       0x4a build/adc.o
 .comment       0x00000049       0x4a build/dma.o
 .comment       0x00000049       0x4a build/stm32g4xx_it.o
 .comment       0x00000049       0x4a build/stm32g4xx_hal_msp.o
 .comment       0x00000049       0x4a build/stm32g4xx_hal_adc.o
 .comment       0x00000049       0x4a build/stm32g4xx_hal_adc_ex.o
 .comment       0x00000049       0x4a build/stm32g4xx_hal.o
 .comment       0x00000049       0x4a build/stm32g4xx_hal_rcc.o
 .comment       0x00000049       0x4a build/stm32g4xx_hal_rcc_ex.o
 .comment       0x00000049       0x4a build/stm32g4xx_hal_gpio.o
 .comment       0x00000049       0x4a build/stm32g4xx_hal_dma.o
 .comment       0x00000049       0x4a build/stm32g4xx_hal_pwr_ex.o
 .comment       0x00000049       0x4a build/stm32g4xx_hal_cortex.o
 .comment       0x00000049       0x4a build/system_stm32g4xx.o

.debug_frame    0x00000000     0x1568
 .debug_frame   0x00000000       0x58 build/main.o
 .debug_frame   0x00000058       0x34 build/gpio.o
 .debug_frame   0x0000008c      0x15c build/adc.o
 .debug_frame   0x000001e8       0x2c build/dma.o
 .debug_frame   0x00000214      0x120 build/stm32g4xx_it.o
 .debug_frame   0x00000334       0x2c build/stm32g4xx_hal_msp.o
 .debug_frame   0x00000360      0x2f8 build/stm32g4xx_hal_adc.o
 .debug_frame   0x00000658      0x2c8 build/stm32g4xx_hal_adc_ex.o
 .debug_frame   0x00000920      0x2a4 build/stm32g4xx_hal.o
 .debug_frame   0x00000bc4      0x198 build/stm32g4xx_hal_rcc.o
 .debug_frame   0x00000d5c      0x1a0 build/stm32g4xx_hal_rcc_ex.o
 .debug_frame   0x00000efc       0xd0 build/stm32g4xx_hal_gpio.o
 .debug_frame   0x00000fcc      0x170 build/stm32g4xx_hal_dma.o
 .debug_frame   0x0000113c      0x268 build/stm32g4xx_hal_pwr_ex.o
 .debug_frame   0x000013a4      0x148 build/stm32g4xx_hal_cortex.o
 .debug_frame   0x000014ec       0x30 build/system_stm32g4xx.o
 .debug_frame   0x0000151c       0x2c d:/clion/gcc/lujing/10 2021.10/bin/../lib/gcc/arm-none-eabi/10.3.1/../../../../arm-none-eabi/lib/thumb/v7e-m+fp/hard\libc_nano.a(lib_a-init.o)
 .debug_frame   0x00001548       0x20 d:/clion/gcc/lujing/10 2021.10/bin/../lib/gcc/arm-none-eabi/10.3.1/../../../../arm-none-eabi/lib/thumb/v7e-m+fp/hard\libc_nano.a(lib_a-memset.o)

Cross Reference Table

Symbol                                            File
ADC1_2_IRQHandler                                 build/stm32g4xx_it.o
ADC3_IRQHandler                                   build/stm32g4xx_it.o
ADC4_IRQHandler                                   build/startup_stm32g473xx.o
ADC5_IRQHandler                                   build/startup_stm32g473xx.o
ADC_ConversionStop                                build/stm32g4xx_hal_adc.o
                                                  build/stm32g4xx_hal_adc_ex.o
ADC_DMAConvCplt                                   build/stm32g4xx_hal_adc.o
                                                  build/stm32g4xx_hal_adc_ex.o
ADC_DMAError                                      build/stm32g4xx_hal_adc.o
                                                  build/stm32g4xx_hal_adc_ex.o
ADC_DMAHalfConvCplt                               build/stm32g4xx_hal_adc.o
                                                  build/stm32g4xx_hal_adc_ex.o
ADC_Disable                                       build/stm32g4xx_hal_adc.o
                                                  build/stm32g4xx_hal_adc_ex.o
ADC_Enable                                        build/stm32g4xx_hal_adc.o
                                                  build/stm32g4xx_hal_adc_ex.o
AHBPrescTable                                     build/system_stm32g4xx.o
                                                  build/stm32g4xx_hal_rcc.o
APBPrescTable                                     build/system_stm32g4xx.o
                                                  build/stm32g4xx_hal_rcc.o
BusFault_Handler                                  build/stm32g4xx_it.o
COMP1_2_3_IRQHandler                              build/startup_stm32g473xx.o
COMP4_5_6_IRQHandler                              build/startup_stm32g473xx.o
COMP7_IRQHandler                                  build/startup_stm32g473xx.o
CORDIC_IRQHandler                                 build/startup_stm32g473xx.o
CRS_IRQHandler                                    build/startup_stm32g473xx.o
Current_buffer                                    build/main.o
                                                  build/adc.o
Current_getvalue                                  build/adc.o
                                                  build/main.o
DMA1_Channel1_IRQHandler                          build/stm32g4xx_it.o
DMA1_Channel2_IRQHandler                          build/stm32g4xx_it.o
DMA1_Channel3_IRQHandler                          build/startup_stm32g473xx.o
DMA1_Channel4_IRQHandler                          build/startup_stm32g473xx.o
DMA1_Channel5_IRQHandler                          build/startup_stm32g473xx.o
DMA1_Channel6_IRQHandler                          build/startup_stm32g473xx.o
DMA1_Channel7_IRQHandler                          build/startup_stm32g473xx.o
DMA1_Channel8_IRQHandler                          build/startup_stm32g473xx.o
DMA2_Channel1_IRQHandler                          build/startup_stm32g473xx.o
DMA2_Channel2_IRQHandler                          build/stm32g4xx_it.o
DMA2_Channel3_IRQHandler                          build/startup_stm32g473xx.o
DMA2_Channel4_IRQHandler                          build/startup_stm32g473xx.o
DMA2_Channel5_IRQHandler                          build/startup_stm32g473xx.o
DMA2_Channel6_IRQHandler                          build/startup_stm32g473xx.o
DMA2_Channel7_IRQHandler                          build/startup_stm32g473xx.o
DMA2_Channel8_IRQHandler                          build/startup_stm32g473xx.o
DMAMUX_OVR_IRQHandler                             build/startup_stm32g473xx.o
DebugMon_Handler                                  build/stm32g4xx_it.o
Default_Handler                                   build/startup_stm32g473xx.o
EXTI0_IRQHandler                                  build/startup_stm32g473xx.o
EXTI15_10_IRQHandler                              build/startup_stm32g473xx.o
EXTI1_IRQHandler                                  build/startup_stm32g473xx.o
EXTI2_IRQHandler                                  build/startup_stm32g473xx.o
EXTI3_IRQHandler                                  build/startup_stm32g473xx.o
EXTI4_IRQHandler                                  build/startup_stm32g473xx.o
EXTI9_5_IRQHandler                                build/startup_stm32g473xx.o
Error_Handler                                     build/main.o
                                                  build/adc.o
FDCAN1_IT0_IRQHandler                             build/startup_stm32g473xx.o
FDCAN1_IT1_IRQHandler                             build/startup_stm32g473xx.o
FDCAN2_IT0_IRQHandler                             build/startup_stm32g473xx.o
FDCAN2_IT1_IRQHandler                             build/startup_stm32g473xx.o
FDCAN3_IT0_IRQHandler                             build/startup_stm32g473xx.o
FDCAN3_IT1_IRQHandler                             build/startup_stm32g473xx.o
FLASH_FlushCaches                                 build/stm32g4xx_hal_flash_ex.o
                                                  build/stm32g4xx_hal_flash.o
FLASH_IRQHandler                                  build/startup_stm32g473xx.o
FLASH_PageErase                                   build/stm32g4xx_hal_flash_ex.o
                                                  build/stm32g4xx_hal_flash.o
FLASH_WaitForLastOperation                        build/stm32g4xx_hal_flash.o
                                                  build/stm32g4xx_hal_flash_ex.o
FMAC_IRQHandler                                   build/startup_stm32g473xx.o
FMC_IRQHandler                                    build/startup_stm32g473xx.o
FPU_IRQHandler                                    build/startup_stm32g473xx.o
HAL_ADCEx_Calibration_GetValue                    build/stm32g4xx_hal_adc_ex.o
HAL_ADCEx_Calibration_SetValue                    build/stm32g4xx_hal_adc_ex.o
HAL_ADCEx_Calibration_Start                       build/stm32g4xx_hal_adc_ex.o
                                                  build/adc.o
HAL_ADCEx_DisableInjectedQueue                    build/stm32g4xx_hal_adc_ex.o
HAL_ADCEx_DisableVoltageRegulator                 build/stm32g4xx_hal_adc_ex.o
HAL_ADCEx_EnableInjectedQueue                     build/stm32g4xx_hal_adc_ex.o
HAL_ADCEx_EndOfSamplingCallback                   build/stm32g4xx_hal_adc_ex.o
                                                  build/stm32g4xx_hal_adc.o
HAL_ADCEx_EnterADCDeepPowerDownMode               build/stm32g4xx_hal_adc_ex.o
HAL_ADCEx_InjectedConfigChannel                   build/stm32g4xx_hal_adc_ex.o
HAL_ADCEx_InjectedConvCpltCallback                build/stm32g4xx_hal_adc_ex.o
                                                  build/stm32g4xx_hal_adc.o
HAL_ADCEx_InjectedGetValue                        build/stm32g4xx_hal_adc_ex.o
HAL_ADCEx_InjectedPollForConversion               build/stm32g4xx_hal_adc_ex.o
HAL_ADCEx_InjectedQueueOverflowCallback           build/stm32g4xx_hal_adc_ex.o
                                                  build/stm32g4xx_hal_adc.o
HAL_ADCEx_InjectedStart                           build/stm32g4xx_hal_adc_ex.o
HAL_ADCEx_InjectedStart_IT                        build/stm32g4xx_hal_adc_ex.o
HAL_ADCEx_InjectedStop                            build/stm32g4xx_hal_adc_ex.o
HAL_ADCEx_InjectedStop_IT                         build/stm32g4xx_hal_adc_ex.o
HAL_ADCEx_LevelOutOfWindow2Callback               build/stm32g4xx_hal_adc_ex.o
                                                  build/stm32g4xx_hal_adc.o
HAL_ADCEx_LevelOutOfWindow3Callback               build/stm32g4xx_hal_adc_ex.o
                                                  build/stm32g4xx_hal_adc.o
HAL_ADCEx_MultiModeConfigChannel                  build/stm32g4xx_hal_adc_ex.o
                                                  build/adc.o
HAL_ADCEx_MultiModeGetValue                       build/stm32g4xx_hal_adc_ex.o
HAL_ADCEx_MultiModeStart_DMA                      build/stm32g4xx_hal_adc_ex.o
HAL_ADCEx_MultiModeStop_DMA                       build/stm32g4xx_hal_adc_ex.o
HAL_ADCEx_RegularMultiModeStop_DMA                build/stm32g4xx_hal_adc_ex.o
HAL_ADCEx_RegularStop                             build/stm32g4xx_hal_adc_ex.o
HAL_ADCEx_RegularStop_DMA                         build/stm32g4xx_hal_adc_ex.o
HAL_ADCEx_RegularStop_IT                          build/stm32g4xx_hal_adc_ex.o
HAL_ADC_AnalogWDGConfig                           build/stm32g4xx_hal_adc.o
                                                  build/adc.o
HAL_ADC_ConfigChannel                             build/stm32g4xx_hal_adc.o
                                                  build/adc.o
HAL_ADC_ConvCpltCallback                          build/stm32g4xx_hal_adc.o
HAL_ADC_ConvHalfCpltCallback                      build/stm32g4xx_hal_adc.o
HAL_ADC_DeInit                                    build/stm32g4xx_hal_adc.o
HAL_ADC_ErrorCallback                             build/stm32g4xx_hal_adc.o
HAL_ADC_GetError                                  build/stm32g4xx_hal_adc.o
HAL_ADC_GetState                                  build/stm32g4xx_hal_adc.o
HAL_ADC_GetValue                                  build/stm32g4xx_hal_adc.o
HAL_ADC_IRQHandler                                build/stm32g4xx_hal_adc.o
                                                  build/stm32g4xx_it.o
HAL_ADC_Init                                      build/stm32g4xx_hal_adc.o
                                                  build/adc.o
HAL_ADC_LevelOutOfWindowCallback                  build/adc.o
HAL_ADC_LevelOutOfWindowCallback2                 build/adc.o
HAL_ADC_MspDeInit                                 build/adc.o
HAL_ADC_MspInit                                   build/adc.o
HAL_ADC_PollForConversion                         build/stm32g4xx_hal_adc.o
HAL_ADC_PollForEvent                              build/stm32g4xx_hal_adc.o
HAL_ADC_Start                                     build/stm32g4xx_hal_adc.o
HAL_ADC_StartSampling                             build/stm32g4xx_hal_adc.o
HAL_ADC_Start_DMA                                 build/stm32g4xx_hal_adc.o
                                                  build/adc.o
HAL_ADC_Start_IT                                  build/stm32g4xx_hal_adc.o
                                                  build/main.o
HAL_ADC_Stop                                      build/stm32g4xx_hal_adc.o
HAL_ADC_StopSampling                              build/stm32g4xx_hal_adc.o
HAL_ADC_Stop_DMA                                  build/stm32g4xx_hal_adc.o
HAL_ADC_Stop_IT                                   build/stm32g4xx_hal_adc.o
HAL_DBGMCU_DisableDBGSleepMode                    build/stm32g4xx_hal.o
HAL_DBGMCU_DisableDBGStandbyMode                  build/stm32g4xx_hal.o
HAL_DBGMCU_DisableDBGStopMode                     build/stm32g4xx_hal.o
HAL_DBGMCU_EnableDBGSleepMode                     build/stm32g4xx_hal.o
HAL_DBGMCU_EnableDBGStandbyMode                   build/stm32g4xx_hal.o
HAL_DBGMCU_EnableDBGStopMode                      build/stm32g4xx_hal.o
HAL_DMAEx_ConfigMuxRequestGenerator               build/stm32g4xx_hal_dma_ex.o
HAL_DMAEx_ConfigMuxSync                           build/stm32g4xx_hal_dma_ex.o
HAL_DMAEx_DisableMuxRequestGenerator              build/stm32g4xx_hal_dma_ex.o
HAL_DMAEx_EnableMuxRequestGenerator               build/stm32g4xx_hal_dma_ex.o
HAL_DMAEx_MUX_IRQHandler                          build/stm32g4xx_hal_dma_ex.o
HAL_DMA_Abort                                     build/stm32g4xx_hal_dma.o
                                                  build/stm32g4xx_hal_adc_ex.o
                                                  build/stm32g4xx_hal_adc.o
HAL_DMA_Abort_IT                                  build/stm32g4xx_hal_dma.o
HAL_DMA_DeInit                                    build/stm32g4xx_hal_dma.o
                                                  build/adc.o
HAL_DMA_GetError                                  build/stm32g4xx_hal_dma.o
HAL_DMA_GetState                                  build/stm32g4xx_hal_dma.o
HAL_DMA_IRQHandler                                build/stm32g4xx_hal_dma.o
                                                  build/stm32g4xx_it.o
HAL_DMA_Init                                      build/stm32g4xx_hal_dma.o
                                                  build/adc.o
HAL_DMA_PollForTransfer                           build/stm32g4xx_hal_dma.o
HAL_DMA_RegisterCallback                          build/stm32g4xx_hal_dma.o
HAL_DMA_Start                                     build/stm32g4xx_hal_dma.o
HAL_DMA_Start_IT                                  build/stm32g4xx_hal_dma.o
                                                  build/stm32g4xx_hal_adc_ex.o
                                                  build/stm32g4xx_hal_adc.o
HAL_DMA_UnRegisterCallback                        build/stm32g4xx_hal_dma.o
HAL_DeInit                                        build/stm32g4xx_hal.o
HAL_Delay                                         build/stm32g4xx_hal.o
HAL_EXTI_ClearConfigLine                          build/stm32g4xx_hal_exti.o
HAL_EXTI_ClearPending                             build/stm32g4xx_hal_exti.o
HAL_EXTI_GenerateSWI                              build/stm32g4xx_hal_exti.o
HAL_EXTI_GetConfigLine                            build/stm32g4xx_hal_exti.o
HAL_EXTI_GetHandle                                build/stm32g4xx_hal_exti.o
HAL_EXTI_GetPending                               build/stm32g4xx_hal_exti.o
HAL_EXTI_IRQHandler                               build/stm32g4xx_hal_exti.o
HAL_EXTI_RegisterCallback                         build/stm32g4xx_hal_exti.o
HAL_EXTI_SetConfigLine                            build/stm32g4xx_hal_exti.o
HAL_FLASHEx_DisableDebugger                       build/stm32g4xx_hal_flash_ex.o
HAL_FLASHEx_DisableRunPowerDown                   build/stm32g4xx_hal_flash_ramfunc.o
HAL_FLASHEx_EnableDebugger                        build/stm32g4xx_hal_flash_ex.o
HAL_FLASHEx_EnableRunPowerDown                    build/stm32g4xx_hal_flash_ramfunc.o
HAL_FLASHEx_EnableSecMemProtection                build/stm32g4xx_hal_flash_ex.o
HAL_FLASHEx_Erase                                 build/stm32g4xx_hal_flash_ex.o
HAL_FLASHEx_Erase_IT                              build/stm32g4xx_hal_flash_ex.o
HAL_FLASHEx_OBGetConfig                           build/stm32g4xx_hal_flash_ex.o
HAL_FLASHEx_OBProgram                             build/stm32g4xx_hal_flash_ex.o
HAL_FLASHEx_OB_DBankConfig                        build/stm32g4xx_hal_flash_ramfunc.o
HAL_FLASH_EndOfOperationCallback                  build/stm32g4xx_hal_flash.o
HAL_FLASH_GetError                                build/stm32g4xx_hal_flash.o
HAL_FLASH_IRQHandler                              build/stm32g4xx_hal_flash.o
HAL_FLASH_Lock                                    build/stm32g4xx_hal_flash.o
HAL_FLASH_OB_Launch                               build/stm32g4xx_hal_flash.o
HAL_FLASH_OB_Lock                                 build/stm32g4xx_hal_flash.o
HAL_FLASH_OB_Unlock                               build/stm32g4xx_hal_flash.o
HAL_FLASH_OperationErrorCallback                  build/stm32g4xx_hal_flash.o
HAL_FLASH_Program                                 build/stm32g4xx_hal_flash.o
HAL_FLASH_Program_IT                              build/stm32g4xx_hal_flash.o
HAL_FLASH_Unlock                                  build/stm32g4xx_hal_flash.o
HAL_GPIO_DeInit                                   build/stm32g4xx_hal_gpio.o
                                                  build/adc.o
HAL_GPIO_EXTI_Callback                            build/stm32g4xx_hal_gpio.o
HAL_GPIO_EXTI_IRQHandler                          build/stm32g4xx_hal_gpio.o
HAL_GPIO_Init                                     build/stm32g4xx_hal_gpio.o
                                                  build/stm32g4xx_hal_rcc_ex.o
                                                  build/stm32g4xx_hal_rcc.o
                                                  build/adc.o
                                                  build/gpio.o
HAL_GPIO_LockPin                                  build/stm32g4xx_hal_gpio.o
HAL_GPIO_ReadPin                                  build/stm32g4xx_hal_gpio.o
HAL_GPIO_TogglePin                                build/stm32g4xx_hal_gpio.o
HAL_GPIO_WritePin                                 build/stm32g4xx_hal_gpio.o
                                                  build/adc.o
                                                  build/gpio.o
HAL_GetDEVID                                      build/stm32g4xx_hal.o
HAL_GetHalVersion                                 build/stm32g4xx_hal.o
HAL_GetREVID                                      build/stm32g4xx_hal.o
HAL_GetTick                                       build/stm32g4xx_hal.o
                                                  build/stm32g4xx_hal_dma.o
                                                  build/stm32g4xx_hal_flash.o
                                                  build/stm32g4xx_hal_rcc_ex.o
                                                  build/stm32g4xx_hal_rcc.o
                                                  build/stm32g4xx_hal_adc_ex.o
                                                  build/stm32g4xx_hal_adc.o
HAL_GetTickFreq                                   build/stm32g4xx_hal.o
HAL_GetTickPrio                                   build/stm32g4xx_hal.o
HAL_GetUIDw0                                      build/stm32g4xx_hal.o
HAL_GetUIDw1                                      build/stm32g4xx_hal.o
HAL_GetUIDw2                                      build/stm32g4xx_hal.o
HAL_IncTick                                       build/stm32g4xx_hal.o
                                                  build/stm32g4xx_it.o
HAL_Init                                          build/stm32g4xx_hal.o
                                                  build/main.o
HAL_InitTick                                      build/stm32g4xx_hal.o
                                                  build/stm32g4xx_hal_rcc.o
HAL_MPU_ConfigRegion                              build/stm32g4xx_hal_cortex.o
HAL_MPU_Disable                                   build/stm32g4xx_hal_cortex.o
HAL_MPU_Enable                                    build/stm32g4xx_hal_cortex.o
HAL_MspDeInit                                     build/stm32g4xx_hal.o
HAL_MspInit                                       build/stm32g4xx_hal_msp.o
HAL_NVIC_ClearPendingIRQ                          build/stm32g4xx_hal_cortex.o
HAL_NVIC_DisableIRQ                               build/stm32g4xx_hal_cortex.o
                                                  build/adc.o
HAL_NVIC_EnableIRQ                                build/stm32g4xx_hal_cortex.o
                                                  build/dma.o
                                                  build/adc.o
HAL_NVIC_GetActive                                build/stm32g4xx_hal_cortex.o
HAL_NVIC_GetPendingIRQ                            build/stm32g4xx_hal_cortex.o
HAL_NVIC_GetPriority                              build/stm32g4xx_hal_cortex.o
HAL_NVIC_GetPriorityGrouping                      build/stm32g4xx_hal_cortex.o
HAL_NVIC_SetPendingIRQ                            build/stm32g4xx_hal_cortex.o
HAL_NVIC_SetPriority                              build/stm32g4xx_hal_cortex.o
                                                  build/stm32g4xx_hal.o
                                                  build/dma.o
                                                  build/adc.o
HAL_NVIC_SetPriorityGrouping                      build/stm32g4xx_hal_cortex.o
                                                  build/stm32g4xx_hal.o
HAL_NVIC_SystemReset                              build/stm32g4xx_hal_cortex.o
HAL_PWREx_ConfigPVM                               build/stm32g4xx_hal_pwr_ex.o
HAL_PWREx_ControlVoltageScaling                   build/stm32g4xx_hal_pwr_ex.o
                                                  build/main.o
HAL_PWREx_DisableBatteryCharging                  build/stm32g4xx_hal_pwr_ex.o
HAL_PWREx_DisableGPIOPullDown                     build/stm32g4xx_hal_pwr_ex.o
HAL_PWREx_DisableGPIOPullUp                       build/stm32g4xx_hal_pwr_ex.o
HAL_PWREx_DisableInternalWakeUpLine               build/stm32g4xx_hal_pwr_ex.o
HAL_PWREx_DisableLowPowerRunMode                  build/stm32g4xx_hal_pwr_ex.o
                                                  build/stm32g4xx_hal_pwr.o
HAL_PWREx_DisablePVM1                             build/stm32g4xx_hal_pwr_ex.o
HAL_PWREx_DisablePVM2                             build/stm32g4xx_hal_pwr_ex.o
HAL_PWREx_DisablePVM3                             build/stm32g4xx_hal_pwr_ex.o
HAL_PWREx_DisablePVM4                             build/stm32g4xx_hal_pwr_ex.o
HAL_PWREx_DisablePullUpPullDownConfig             build/stm32g4xx_hal_pwr_ex.o
HAL_PWREx_DisableSRAM2ContentRetention            build/stm32g4xx_hal_pwr_ex.o
HAL_PWREx_DisableUCPDDeadBattery                  build/stm32g4xx_hal_pwr_ex.o
                                                  build/stm32g4xx_hal_msp.o
HAL_PWREx_DisableUCPDStandbyMode                  build/stm32g4xx_hal_pwr_ex.o
HAL_PWREx_EnableBatteryCharging                   build/stm32g4xx_hal_pwr_ex.o
HAL_PWREx_EnableGPIOPullDown                      build/stm32g4xx_hal_pwr_ex.o
HAL_PWREx_EnableGPIOPullUp                        build/stm32g4xx_hal_pwr_ex.o
HAL_PWREx_EnableInternalWakeUpLine                build/stm32g4xx_hal_pwr_ex.o
HAL_PWREx_EnableLowPowerRunMode                   build/stm32g4xx_hal_pwr_ex.o
                                                  build/stm32g4xx_hal_pwr.o
HAL_PWREx_EnablePVM1                              build/stm32g4xx_hal_pwr_ex.o
HAL_PWREx_EnablePVM2                              build/stm32g4xx_hal_pwr_ex.o
HAL_PWREx_EnablePVM3                              build/stm32g4xx_hal_pwr_ex.o
HAL_PWREx_EnablePVM4                              build/stm32g4xx_hal_pwr_ex.o
HAL_PWREx_EnablePullUpPullDownConfig              build/stm32g4xx_hal_pwr_ex.o
HAL_PWREx_EnableSRAM2ContentRetention             build/stm32g4xx_hal_pwr_ex.o
HAL_PWREx_EnableUCPDDeadBattery                   build/stm32g4xx_hal_pwr_ex.o
HAL_PWREx_EnableUCPDStandbyMode                   build/stm32g4xx_hal_pwr_ex.o
HAL_PWREx_EnterSHUTDOWNMode                       build/stm32g4xx_hal_pwr_ex.o
HAL_PWREx_EnterSTOP0Mode                          build/stm32g4xx_hal_pwr_ex.o
                                                  build/stm32g4xx_hal_pwr.o
HAL_PWREx_EnterSTOP1Mode                          build/stm32g4xx_hal_pwr_ex.o
                                                  build/stm32g4xx_hal_pwr.o
HAL_PWREx_GetVoltageRange                         build/stm32g4xx_hal_pwr_ex.o
HAL_PWREx_PVD_PVM_IRQHandler                      build/stm32g4xx_hal_pwr_ex.o
HAL_PWREx_PVM1Callback                            build/stm32g4xx_hal_pwr_ex.o
HAL_PWREx_PVM2Callback                            build/stm32g4xx_hal_pwr_ex.o
HAL_PWREx_PVM3Callback                            build/stm32g4xx_hal_pwr_ex.o
HAL_PWREx_PVM4Callback                            build/stm32g4xx_hal_pwr_ex.o
HAL_PWR_ConfigPVD                                 build/stm32g4xx_hal_pwr.o
HAL_PWR_DeInit                                    build/stm32g4xx_hal_pwr.o
HAL_PWR_DisableBkUpAccess                         build/stm32g4xx_hal_pwr.o
                                                  build/stm32g4xx_hal_rcc_ex.o
HAL_PWR_DisablePVD                                build/stm32g4xx_hal_pwr.o
HAL_PWR_DisableSEVOnPend                          build/stm32g4xx_hal_pwr.o
HAL_PWR_DisableSleepOnExit                        build/stm32g4xx_hal_pwr.o
HAL_PWR_DisableWakeUpPin                          build/stm32g4xx_hal_pwr.o
HAL_PWR_EnableBkUpAccess                          build/stm32g4xx_hal_pwr.o
                                                  build/stm32g4xx_hal_rcc_ex.o
HAL_PWR_EnablePVD                                 build/stm32g4xx_hal_pwr.o
HAL_PWR_EnableSEVOnPend                           build/stm32g4xx_hal_pwr.o
HAL_PWR_EnableSleepOnExit                         build/stm32g4xx_hal_pwr.o
HAL_PWR_EnableWakeUpPin                           build/stm32g4xx_hal_pwr.o
HAL_PWR_EnterSLEEPMode                            build/stm32g4xx_hal_pwr.o
HAL_PWR_EnterSTANDBYMode                          build/stm32g4xx_hal_pwr.o
HAL_PWR_EnterSTOPMode                             build/stm32g4xx_hal_pwr.o
HAL_PWR_PVDCallback                               build/stm32g4xx_hal_pwr.o
                                                  build/stm32g4xx_hal_pwr_ex.o
HAL_RCCEx_CRSConfig                               build/stm32g4xx_hal_rcc_ex.o
HAL_RCCEx_CRSGetSynchronizationInfo               build/stm32g4xx_hal_rcc_ex.o
HAL_RCCEx_CRSSoftwareSynchronizationGenerate      build/stm32g4xx_hal_rcc_ex.o
HAL_RCCEx_CRSWaitSynchronization                  build/stm32g4xx_hal_rcc_ex.o
HAL_RCCEx_CRS_ErrorCallback                       build/stm32g4xx_hal_rcc_ex.o
HAL_RCCEx_CRS_ExpectedSyncCallback                build/stm32g4xx_hal_rcc_ex.o
HAL_RCCEx_CRS_IRQHandler                          build/stm32g4xx_hal_rcc_ex.o
HAL_RCCEx_CRS_SyncOkCallback                      build/stm32g4xx_hal_rcc_ex.o
HAL_RCCEx_CRS_SyncWarnCallback                    build/stm32g4xx_hal_rcc_ex.o
HAL_RCCEx_DisableLSCO                             build/stm32g4xx_hal_rcc_ex.o
HAL_RCCEx_DisableLSECSS                           build/stm32g4xx_hal_rcc_ex.o
HAL_RCCEx_EnableLSCO                              build/stm32g4xx_hal_rcc_ex.o
HAL_RCCEx_EnableLSECSS                            build/stm32g4xx_hal_rcc_ex.o
HAL_RCCEx_EnableLSECSS_IT                         build/stm32g4xx_hal_rcc_ex.o
HAL_RCCEx_GetPeriphCLKConfig                      build/stm32g4xx_hal_rcc_ex.o
HAL_RCCEx_GetPeriphCLKFreq                        build/stm32g4xx_hal_rcc_ex.o
HAL_RCCEx_LSECSS_Callback                         build/stm32g4xx_hal_rcc_ex.o
HAL_RCCEx_LSECSS_IRQHandler                       build/stm32g4xx_hal_rcc_ex.o
HAL_RCCEx_PeriphCLKConfig                         build/stm32g4xx_hal_rcc_ex.o
                                                  build/adc.o
HAL_RCC_CSSCallback                               build/stm32g4xx_hal_rcc.o
HAL_RCC_ClockConfig                               build/stm32g4xx_hal_rcc.o
                                                  build/main.o
HAL_RCC_DeInit                                    build/stm32g4xx_hal_rcc.o
HAL_RCC_DisableLSECSS                             build/stm32g4xx_hal_rcc.o
HAL_RCC_EnableCSS                                 build/stm32g4xx_hal_rcc.o
HAL_RCC_EnableLSECSS                              build/stm32g4xx_hal_rcc.o
HAL_RCC_GetClockConfig                            build/stm32g4xx_hal_rcc.o
HAL_RCC_GetHCLKFreq                               build/stm32g4xx_hal_rcc.o
HAL_RCC_GetOscConfig                              build/stm32g4xx_hal_rcc.o
HAL_RCC_GetPCLK1Freq                              build/stm32g4xx_hal_rcc.o
                                                  build/stm32g4xx_hal_rcc_ex.o
HAL_RCC_GetPCLK2Freq                              build/stm32g4xx_hal_rcc.o
                                                  build/stm32g4xx_hal_rcc_ex.o
HAL_RCC_GetSysClockFreq                           build/stm32g4xx_hal_rcc.o
                                                  build/stm32g4xx_hal_rcc_ex.o
HAL_RCC_MCOConfig                                 build/stm32g4xx_hal_rcc.o
HAL_RCC_NMI_IRQHandler                            build/stm32g4xx_hal_rcc.o
HAL_RCC_OscConfig                                 build/stm32g4xx_hal_rcc.o
                                                  build/main.o
HAL_ResumeTick                                    build/stm32g4xx_hal.o
HAL_SYSCFG_CCMSRAMErase                           build/stm32g4xx_hal.o
HAL_SYSCFG_CCMSRAM_WriteProtectionEnable          build/stm32g4xx_hal.o
HAL_SYSCFG_DisableIOSwitchBooster                 build/stm32g4xx_hal.o
HAL_SYSCFG_DisableIOSwitchVDD                     build/stm32g4xx_hal.o
HAL_SYSCFG_DisableMemorySwappingBank              build/stm32g4xx_hal.o
HAL_SYSCFG_DisableVREFBUF                         build/stm32g4xx_hal.o
HAL_SYSCFG_EnableIOSwitchBooster                  build/stm32g4xx_hal.o
HAL_SYSCFG_EnableIOSwitchVDD                      build/stm32g4xx_hal.o
HAL_SYSCFG_EnableMemorySwappingBank               build/stm32g4xx_hal.o
HAL_SYSCFG_EnableVREFBUF                          build/stm32g4xx_hal.o
HAL_SYSCFG_VREFBUF_HighImpedanceConfig            build/stm32g4xx_hal.o
HAL_SYSCFG_VREFBUF_TrimmingConfig                 build/stm32g4xx_hal.o
HAL_SYSCFG_VREFBUF_VoltageScalingConfig           build/stm32g4xx_hal.o
HAL_SYSTICK_CLKSourceConfig                       build/stm32g4xx_hal_cortex.o
HAL_SYSTICK_Callback                              build/stm32g4xx_hal_cortex.o
HAL_SYSTICK_Config                                build/stm32g4xx_hal_cortex.o
                                                  build/stm32g4xx_hal.o
HAL_SYSTICK_IRQHandler                            build/stm32g4xx_hal_cortex.o
HAL_SetTickFreq                                   build/stm32g4xx_hal.o
HAL_SuspendTick                                   build/stm32g4xx_hal.o
HardFault_Handler                                 build/stm32g4xx_it.o
I2C1_ER_IRQHandler                                build/startup_stm32g473xx.o
I2C1_EV_IRQHandler                                build/startup_stm32g473xx.o
I2C2_ER_IRQHandler                                build/startup_stm32g473xx.o
I2C2_EV_IRQHandler                                build/startup_stm32g473xx.o
I2C3_ER_IRQHandler                                build/startup_stm32g473xx.o
I2C3_EV_IRQHandler                                build/startup_stm32g473xx.o
I2C4_ER_IRQHandler                                build/startup_stm32g473xx.o
I2C4_EV_IRQHandler                                build/startup_stm32g473xx.o
LPTIM1_IRQHandler                                 build/startup_stm32g473xx.o
LPUART1_IRQHandler                                build/startup_stm32g473xx.o
MX_ADC1_Init                                      build/adc.o
                                                  build/main.o
MX_ADC2_Init                                      build/adc.o
                                                  build/main.o
MX_ADC3_Init                                      build/adc.o
                                                  build/main.o
MX_DMA_Init                                       build/dma.o
                                                  build/main.o
MX_GPIO_Init                                      build/gpio.o
                                                  build/main.o
Magic                                             build/main.o
                                                  build/adc.o
MemManage_Handler                                 build/stm32g4xx_it.o
NMI_Handler                                       build/stm32g4xx_it.o
PVD_PVM_IRQHandler                                build/startup_stm32g473xx.o
PendSV_Handler                                    build/stm32g4xx_it.o
QUADSPI_IRQHandler                                build/startup_stm32g473xx.o
RCC_IRQHandler                                    build/startup_stm32g473xx.o
RNG_IRQHandler                                    build/startup_stm32g473xx.o
RTC_Alarm_IRQHandler                              build/startup_stm32g473xx.o
RTC_TAMP_LSECSS_IRQHandler                        build/startup_stm32g473xx.o
RTC_WKUP_IRQHandler                               build/startup_stm32g473xx.o
Reset_Handler                                     build/startup_stm32g473xx.o
SAI1_IRQHandler                                   build/startup_stm32g473xx.o
SPI1_IRQHandler                                   build/startup_stm32g473xx.o
SPI2_IRQHandler                                   build/startup_stm32g473xx.o
SPI3_IRQHandler                                   build/startup_stm32g473xx.o
SPI4_IRQHandler                                   build/startup_stm32g473xx.o
SVC_Handler                                       build/stm32g4xx_it.o
SysTick_Handler                                   build/stm32g4xx_it.o
SystemClock_Config                                build/main.o
SystemCoreClock                                   build/system_stm32g4xx.o
                                                  build/stm32g4xx_hal_pwr_ex.o
                                                  build/stm32g4xx_hal_flash_ramfunc.o
                                                  build/stm32g4xx_hal_rcc.o
                                                  build/stm32g4xx_hal.o
                                                  build/stm32g4xx_hal_adc_ex.o
                                                  build/stm32g4xx_hal_adc.o
SystemCoreClockUpdate                             build/system_stm32g4xx.o
SystemInit                                        build/system_stm32g4xx.o
                                                  build/startup_stm32g473xx.o
TIM1_BRK_TIM15_IRQHandler                         build/startup_stm32g473xx.o
TIM1_CC_IRQHandler                                build/startup_stm32g473xx.o
TIM1_TRG_COM_TIM17_IRQHandler                     build/startup_stm32g473xx.o
TIM1_UP_TIM16_IRQHandler                          build/startup_stm32g473xx.o
TIM20_BRK_IRQHandler                              build/startup_stm32g473xx.o
TIM20_CC_IRQHandler                               build/startup_stm32g473xx.o
TIM20_TRG_COM_IRQHandler                          build/startup_stm32g473xx.o
TIM20_UP_IRQHandler                               build/startup_stm32g473xx.o
TIM2_IRQHandler                                   build/startup_stm32g473xx.o
TIM3_IRQHandler                                   build/startup_stm32g473xx.o
TIM4_IRQHandler                                   build/startup_stm32g473xx.o
TIM5_IRQHandler                                   build/startup_stm32g473xx.o
TIM6_DAC_IRQHandler                               build/startup_stm32g473xx.o
TIM7_DAC_IRQHandler                               build/startup_stm32g473xx.o
TIM8_BRK_IRQHandler                               build/startup_stm32g473xx.o
TIM8_CC_IRQHandler                                build/startup_stm32g473xx.o
TIM8_TRG_COM_IRQHandler                           build/startup_stm32g473xx.o
TIM8_UP_IRQHandler                                build/startup_stm32g473xx.o
TeAnalogWatchdogStatus                            build/main.o
Tempter_buffer                                    build/main.o
Tempter_getvalue_A                                build/adc.o
                                                  build/main.o
Tempter_getvalue_B                                build/adc.o
UART4_IRQHandler                                  build/startup_stm32g473xx.o
UART5_IRQHandler                                  build/startup_stm32g473xx.o
UCPD1_IRQHandler                                  build/startup_stm32g473xx.o
USART1_IRQHandler                                 build/startup_stm32g473xx.o
USART2_IRQHandler                                 build/startup_stm32g473xx.o
USART3_IRQHandler                                 build/startup_stm32g473xx.o
USBWakeUp_IRQHandler                              build/startup_stm32g473xx.o
USB_HP_IRQHandler                                 build/startup_stm32g473xx.o
USB_LP_IRQHandler                                 build/startup_stm32g473xx.o
UsageFault_Handler                                build/stm32g4xx_it.o
Volt_buffer                                       build/main.o
Volt_getvalue                                     build/adc.o
WWDG_IRQHandler                                   build/startup_stm32g473xx.o
Watt_buffer                                       build/main.o
Watt_getvalue                                     build/adc.o
_Min_Stack_Size                                   build/sysmem.o
__bss_end__                                       d:/clion/gcc/lujing/10 2021.10/bin/../lib/gcc/arm-none-eabi/10.3.1/../../../../arm-none-eabi/lib/thumb/v7e-m+fp/hard/crt0.o
__bss_start__                                     d:/clion/gcc/lujing/10 2021.10/bin/../lib/gcc/arm-none-eabi/10.3.1/../../../../arm-none-eabi/lib/thumb/v7e-m+fp/hard/crt0.o
__call_exitprocs                                  d:/clion/gcc/lujing/10 2021.10/bin/../lib/gcc/arm-none-eabi/10.3.1/../../../../arm-none-eabi/lib/thumb/v7e-m+fp/hard\libc_nano.a(lib_a-exit.o)
__deregister_frame_info                           d:/clion/gcc/lujing/10 2021.10/bin/../lib/gcc/arm-none-eabi/10.3.1/thumb/v7e-m+fp/hard/crtbegin.o
__dso_handle                                      d:/clion/gcc/lujing/10 2021.10/bin/../lib/gcc/arm-none-eabi/10.3.1/thumb/v7e-m+fp/hard/crtbegin.o
__env                                             build/syscalls.o
__errno                                           d:/clion/gcc/lujing/10 2021.10/bin/../lib/gcc/arm-none-eabi/10.3.1/../../../../arm-none-eabi/lib/thumb/v7e-m+fp/hard\libc_nano.a(lib_a-errno.o)
                                                  build/syscalls.o
                                                  build/sysmem.o
__init_array_end                                  d:/clion/gcc/lujing/10 2021.10/bin/../lib/gcc/arm-none-eabi/10.3.1/../../../../arm-none-eabi/lib/thumb/v7e-m+fp/hard\libc_nano.a(lib_a-init.o)
__init_array_start                                d:/clion/gcc/lujing/10 2021.10/bin/../lib/gcc/arm-none-eabi/10.3.1/../../../../arm-none-eabi/lib/thumb/v7e-m+fp/hard\libc_nano.a(lib_a-init.o)
__io_getchar                                      build/syscalls.o
__io_putchar                                      build/syscalls.o
__libc_fini_array                                 d:/clion/gcc/lujing/10 2021.10/bin/../lib/gcc/arm-none-eabi/10.3.1/../../../../arm-none-eabi/lib/thumb/v7e-m+fp/hard/crt0.o
__libc_init_array                                 d:/clion/gcc/lujing/10 2021.10/bin/../lib/gcc/arm-none-eabi/10.3.1/../../../../arm-none-eabi/lib/thumb/v7e-m+fp/hard\libc_nano.a(lib_a-init.o)
                                                  build/startup_stm32g473xx.o
                                                  d:/clion/gcc/lujing/10 2021.10/bin/../lib/gcc/arm-none-eabi/10.3.1/../../../../arm-none-eabi/lib/thumb/v7e-m+fp/hard/crt0.o
__preinit_array_end                               d:/clion/gcc/lujing/10 2021.10/bin/../lib/gcc/arm-none-eabi/10.3.1/../../../../arm-none-eabi/lib/thumb/v7e-m+fp/hard\libc_nano.a(lib_a-init.o)
__preinit_array_start                             d:/clion/gcc/lujing/10 2021.10/bin/../lib/gcc/arm-none-eabi/10.3.1/../../../../arm-none-eabi/lib/thumb/v7e-m+fp/hard\libc_nano.a(lib_a-init.o)
__register_frame_info                             d:/clion/gcc/lujing/10 2021.10/bin/../lib/gcc/arm-none-eabi/10.3.1/thumb/v7e-m+fp/hard/crtbegin.o
__sf_fake_stderr                                  d:/clion/gcc/lujing/10 2021.10/bin/../lib/gcc/arm-none-eabi/10.3.1/../../../../arm-none-eabi/lib/thumb/v7e-m+fp/hard\libc_nano.a(lib_a-impure.o)
__sf_fake_stdin                                   d:/clion/gcc/lujing/10 2021.10/bin/../lib/gcc/arm-none-eabi/10.3.1/../../../../arm-none-eabi/lib/thumb/v7e-m+fp/hard\libc_nano.a(lib_a-impure.o)
__sf_fake_stdout                                  d:/clion/gcc/lujing/10 2021.10/bin/../lib/gcc/arm-none-eabi/10.3.1/../../../../arm-none-eabi/lib/thumb/v7e-m+fp/hard\libc_nano.a(lib_a-impure.o)
__stack                                           d:/clion/gcc/lujing/10 2021.10/bin/../lib/gcc/arm-none-eabi/10.3.1/../../../../arm-none-eabi/lib/thumb/v7e-m+fp/hard/crt0.o
_close                                            build/syscalls.o
_ebss                                             build/startup_stm32g473xx.o
_edata                                            build/startup_stm32g473xx.o
_end                                              build/sysmem.o
_estack                                           build/startup_stm32g473xx.o
                                                  build/sysmem.o
_execve                                           build/syscalls.o
_exit                                             build/syscalls.o
                                                  d:/clion/gcc/lujing/10 2021.10/bin/../lib/gcc/arm-none-eabi/10.3.1/../../../../arm-none-eabi/lib/thumb/v7e-m+fp/hard\libc_nano.a(lib_a-exit.o)
_fini                                             d:/clion/gcc/lujing/10 2021.10/bin/../lib/gcc/arm-none-eabi/10.3.1/thumb/v7e-m+fp/hard/crti.o
_fork                                             build/syscalls.o
_fstat                                            build/syscalls.o
_getpid                                           build/syscalls.o
_global_impure_ptr                                d:/clion/gcc/lujing/10 2021.10/bin/../lib/gcc/arm-none-eabi/10.3.1/../../../../arm-none-eabi/lib/thumb/v7e-m+fp/hard\libc_nano.a(lib_a-impure.o)
                                                  d:/clion/gcc/lujing/10 2021.10/bin/../lib/gcc/arm-none-eabi/10.3.1/../../../../arm-none-eabi/lib/thumb/v7e-m+fp/hard\libc_nano.a(lib_a-exit.o)
_impure_ptr                                       d:/clion/gcc/lujing/10 2021.10/bin/../lib/gcc/arm-none-eabi/10.3.1/../../../../arm-none-eabi/lib/thumb/v7e-m+fp/hard\libc_nano.a(lib_a-impure.o)
                                                  d:/clion/gcc/lujing/10 2021.10/bin/../lib/gcc/arm-none-eabi/10.3.1/../../../../arm-none-eabi/lib/thumb/v7e-m+fp/hard\libc_nano.a(lib_a-errno.o)
_init                                             d:/clion/gcc/lujing/10 2021.10/bin/../lib/gcc/arm-none-eabi/10.3.1/thumb/v7e-m+fp/hard/crti.o
                                                  d:/clion/gcc/lujing/10 2021.10/bin/../lib/gcc/arm-none-eabi/10.3.1/../../../../arm-none-eabi/lib/thumb/v7e-m+fp/hard\libc_nano.a(lib_a-init.o)
_isatty                                           build/syscalls.o
_kill                                             build/syscalls.o
_link                                             build/syscalls.o
_lseek                                            build/syscalls.o
_mainCRTStartup                                   d:/clion/gcc/lujing/10 2021.10/bin/../lib/gcc/arm-none-eabi/10.3.1/../../../../arm-none-eabi/lib/thumb/v7e-m+fp/hard/crt0.o
_open                                             build/syscalls.o
_read                                             build/syscalls.o
_sbrk                                             build/sysmem.o
_sbss                                             build/startup_stm32g473xx.o
_sdata                                            build/startup_stm32g473xx.o
_sidata                                           build/startup_stm32g473xx.o
_stack_init                                       d:/clion/gcc/lujing/10 2021.10/bin/../lib/gcc/arm-none-eabi/10.3.1/../../../../arm-none-eabi/lib/thumb/v7e-m+fp/hard/crt0.o
_start                                            d:/clion/gcc/lujing/10 2021.10/bin/../lib/gcc/arm-none-eabi/10.3.1/../../../../arm-none-eabi/lib/thumb/v7e-m+fp/hard/crt0.o
_stat                                             build/syscalls.o
_times                                            build/syscalls.o
_unlink                                           build/syscalls.o
_wait                                             build/syscalls.o
_write                                            build/syscalls.o
atexit                                            d:/clion/gcc/lujing/10 2021.10/bin/../lib/gcc/arm-none-eabi/10.3.1/../../../../arm-none-eabi/lib/thumb/v7e-m+fp/hard/crt0.o
environ                                           build/syscalls.o
exit                                              d:/clion/gcc/lujing/10 2021.10/bin/../lib/gcc/arm-none-eabi/10.3.1/../../../../arm-none-eabi/lib/thumb/v7e-m+fp/hard\libc_nano.a(lib_a-exit.o)
                                                  d:/clion/gcc/lujing/10 2021.10/bin/../lib/gcc/arm-none-eabi/10.3.1/../../../../arm-none-eabi/lib/thumb/v7e-m+fp/hard/crt0.o
g_pfnVectors                                      build/startup_stm32g473xx.o
hadc1                                             build/adc.o
                                                  build/stm32g4xx_it.o
                                                  build/main.o
hadc2                                             build/adc.o
                                                  build/stm32g4xx_it.o
                                                  build/main.o
hadc3                                             build/adc.o
                                                  build/stm32g4xx_it.o
hardware_init_hook                                d:/clion/gcc/lujing/10 2021.10/bin/../lib/gcc/arm-none-eabi/10.3.1/../../../../arm-none-eabi/lib/thumb/v7e-m+fp/hard/crt0.o
hdma_adc1                                         build/adc.o
                                                  build/stm32g4xx_it.o
hdma_adc2                                         build/adc.o
                                                  build/stm32g4xx_it.o
hdma_adc3                                         build/adc.o
                                                  build/stm32g4xx_it.o
initialise_monitor_handles                        build/syscalls.o
input_scan                                        build/adc.o
                                                  build/main.o
main                                              build/main.o
                                                  build/startup_stm32g473xx.o
                                                  d:/clion/gcc/lujing/10 2021.10/bin/../lib/gcc/arm-none-eabi/10.3.1/../../../../arm-none-eabi/lib/thumb/v7e-m+fp/hard/crt0.o
memset                                            d:/clion/gcc/lujing/10 2021.10/bin/../lib/gcc/arm-none-eabi/10.3.1/../../../../arm-none-eabi/lib/thumb/v7e-m+fp/hard\libc_nano.a(lib_a-memset.o)
                                                  build/adc.o
                                                  build/main.o
                                                  d:/clion/gcc/lujing/10 2021.10/bin/../lib/gcc/arm-none-eabi/10.3.1/../../../../arm-none-eabi/lib/thumb/v7e-m+fp/hard/crt0.o
pFlash                                            build/stm32g4xx_hal_flash.o
                                                  build/stm32g4xx_hal_flash_ramfunc.o
                                                  build/stm32g4xx_hal_flash_ex.o
software_init_hook                                d:/clion/gcc/lujing/10 2021.10/bin/../lib/gcc/arm-none-eabi/10.3.1/../../../../arm-none-eabi/lib/thumb/v7e-m+fp/hard/crt0.o
tempter_A                                         build/main.o
                                                  build/adc.o
tempter_B                                         build/main.o
                                                  build/adc.o
ubAnalogWatchdogStatus                            build/main.o
                                                  build/adc.o
uwTick                                            build/stm32g4xx_hal.o
uwTickFreq                                        build/stm32g4xx_hal.o
uwTickPrio                                        build/stm32g4xx_hal.o
                                                  build/stm32g4xx_hal_rcc.o
